// Jest Snapshot v1, https://goo.gl/fbAQLP

exports[`Home Page Snapshot should match snapshot 1`] = `
<div>
  <div
    class="container mx-auto my-10 max-w-xl"
  >
    <p>
      Hi I am
       
      <a
        class="underline"
        href="https://jamesacres.co.uk"
      >
        James Acres
      </a>
      , trading as Bubbly Clouds.
    </p>
    <p>
      I use the latest tools and techniques to create awesome apps and services, in my day job, and to keep up to date with the industry trends in my own time.
    </p>
    <h2
      class="mt-4 text-lg"
    >
      Services
    </h2>
    <div
      class="my-12 grid w-full max-w-5xl grid-cols-1 text-center"
    >
      <a
        class="group rounded-lg border border-transparent px-5 py-4 transition-colors hover:border-gray-300 hover:bg-gray-100 hover:dark:border-neutral-700 hover:dark:bg-neutral-800/30"
        href="mailto:support@bubblyclouds.com"
        rel="noopener noreferrer"
      >
        <h2
          class="mb-3 font-semibold"
        >
          Web and Mobile Application Development and Hosting
           
          <span
            class="inline-block transition-transform group-hover:translate-x-1 motion-reduce:transform-none"
          >
            -&gt;
          </span>
        </h2>
        <p
          class="m-0 text-sm opacity-50"
        >
          Contact support@bubblyclouds.com
        </p>
      </a>
    </div>
    <h2
      class="mt-4 text-lg"
    >
      Apps
    </h2>
    <div
      class="my-12 grid w-full max-w-5xl grid-cols-1 text-center"
    >
      <a
        class="group rounded-lg border border-transparent px-5 py-4 transition-colors hover:border-gray-300 hover:bg-gray-100 hover:dark:border-neutral-700 hover:dark:bg-neutral-800/30"
        href="https://sudoku.bubblyclouds.com"
        rel="noopener noreferrer"
      >
        <h2
          class="mb-3 font-semibold"
        >
          Sudoku Race
           
          <span
            class="inline-block transition-transform group-hover:translate-x-1 motion-reduce:transform-none"
          >
            -&gt;
          </span>
        </h2>
        <div
          class="m-0 text-sm"
        >
          <ul
            class="text-left"
          >
            <li>
              - 🤾‍♂️ Share a Sudoku with family and friends - race to see who can complete it fastest
            </li>
            <li>
              - 🏎️ Private racing team and leaderboard
            </li>
            <li>
              - 🌱 Sudoku of the day - Three new challenges each day
            </li>
            <li>
              - 📖 Monthly puzzle book - Technique-focused puzzles to challenge your skills
            </li>
            <li>
              - 📸 Import a Sudoku - Scan any Sudoku from books, newspapers, or websites and challenge your friends to solve the same puzzle
            </li>
            <li>
              - 🎨 Multiple themes in both Light Mode and Dark Mode!
            </li>
          </ul>
        </div>
      </a>
    </div>
  </div>
</div>
`;
