// Jest Snapshot v1, https://jestjs.io/docs/snapshot-testing

exports[`AppStack should match the snapshot 1`] = `
{
  "Parameters": {
    "BootstrapVersion": {
      "Default": "/cdk-bootstrap/hnb659fds/version",
      "Description": "Version of the CDK Bootstrap resources in this environment, automatically retrieved from SSM Parameter Store. [cdk:skip]",
      "Type": "AWS::SSM::Parameter::Value<String>",
    },
  },
  "Resources": {
    "RewriteFunctionE78585E2": {
      "Properties": {
        "AutoPublish": true,
        "FunctionCode": "
function handler(event) {
    var request = event.request;
    var uri = request.uri;

    // If the URI is '/', serve index.html
    if (uri === '/') {
        request.uri = '/index.html';
    }
    // If URI doesn't end with .html and isn't a file (doesn't contain a dot), append .html
    else if (uri.slice(-5) !== '.html' && uri.indexOf('.') === -1) {
        request.uri = uri + '.html';
    }

    return request;
}
        ",
        "FunctionConfig": {
          "Comment": "eu-west-2StephenEschAppStkRewriteFunctionD5CAAF3B",
          "Runtime": "cloudfront-js-1.0",
        },
        "Name": "eu-west-2StephenEschAppStkRewriteFunctionD5CAAF3B",
      },
      "Type": "AWS::CloudFront::Function",
    },
    "StaticSiteCloudFrontDistribution99302C91": {
      "Metadata": {
        "cfn_nag": {
          "rules_to_suppress": [
            {
              "id": "W70",
              "reason": "Since the distribution uses the CloudFront domain name, CloudFront automatically sets the security policy to TLSv1 regardless of the value of MinimumProtocolVersion",
            },
          ],
        },
      },
      "Properties": {
        "DistributionConfig": {
          "Aliases": [
            "jest.test",
            "www.jest.test",
            "blog.jest.test",
            "music.jest.test",
          ],
          "DefaultCacheBehavior": {
            "CachePolicyId": "658327ea-f89d-4fab-a63d-7e88639e58f6",
            "Compress": true,
            "FunctionAssociations": [
              {
                "EventType": "viewer-request",
                "FunctionARN": {
                  "Fn::GetAtt": [
                    "RewriteFunctionE78585E2",
                    "FunctionARN",
                  ],
                },
              },
            ],
            "TargetOriginId": "StephenEschAppStackStaticSiteCloudFrontDistributionOrigin1253FBE34",
            "ViewerProtocolPolicy": "redirect-to-https",
          },
          "DefaultRootObject": "index.html",
          "Enabled": true,
          "HttpVersion": "http2",
          "IPV6Enabled": true,
          "Logging": {
            "Bucket": {
              "Fn::GetAtt": [
                "StaticSiteCloudfrontLoggingBucketFE4DA23E",
                "RegionalDomainName",
              ],
            },
          },
          "Origins": [
            {
              "DomainName": {
                "Fn::GetAtt": [
                  "StaticSiteS3Bucket435057DB",
                  "RegionalDomainName",
                ],
              },
              "Id": "StephenEschAppStackStaticSiteCloudFrontDistributionOrigin1253FBE34",
              "OriginAccessControlId": {
                "Fn::GetAtt": [
                  "StaticSiteCloudFrontOacFBAB037D",
                  "Id",
                ],
              },
              "S3OriginConfig": {
                "OriginAccessIdentity": "",
              },
            },
          ],
          "ViewerCertificate": {
            "AcmCertificateArn": "arn:aws:acm:us-east-1:12345678012:certificate/00000000-0000-0000-0000-0000000000000",
            "MinimumProtocolVersion": "TLSv1.2_2021",
            "SslSupportMethod": "sni-only",
          },
        },
      },
      "Type": "AWS::CloudFront::Distribution",
    },
    "StaticSiteCloudFrontOacFBAB037D": {
      "Properties": {
        "OriginAccessControlConfig": {
          "Description": "Origin access control provisioned by aws-cloudfront-s3",
          "Name": {
            "Fn::Join": [
              "",
              [
                "aws-cloudfront-s3-StatcSite-",
                {
                  "Fn::Select": [
                    2,
                    {
                      "Fn::Split": [
                        "/",
                        {
                          "Ref": "AWS::StackId",
                        },
                      ],
                    },
                  ],
                },
              ],
            ],
          },
          "OriginAccessControlOriginType": "s3",
          "SigningBehavior": "always",
          "SigningProtocol": "sigv4",
        },
      },
      "Type": "AWS::CloudFront::OriginAccessControl",
    },
    "StaticSiteCloudfrontLoggingBucketAccessLogD7DDC72B": {
      "DeletionPolicy": "Retain",
      "Metadata": {
        "cfn_nag": {
          "rules_to_suppress": [
            {
              "id": "W35",
              "reason": "This S3 bucket is used as the access logging bucket for another bucket",
            },
          ],
        },
      },
      "Properties": {
        "BucketEncryption": {
          "ServerSideEncryptionConfiguration": [
            {
              "ServerSideEncryptionByDefault": {
                "SSEAlgorithm": "AES256",
              },
            },
          ],
        },
        "PublicAccessBlockConfiguration": {
          "BlockPublicAcls": true,
          "BlockPublicPolicy": true,
          "IgnorePublicAcls": true,
          "RestrictPublicBuckets": true,
        },
        "VersioningConfiguration": {
          "Status": "Enabled",
        },
      },
      "Type": "AWS::S3::Bucket",
      "UpdateReplacePolicy": "Retain",
    },
    "StaticSiteCloudfrontLoggingBucketAccessLogPolicy6CA1C81A": {
      "Properties": {
        "Bucket": {
          "Ref": "StaticSiteCloudfrontLoggingBucketAccessLogD7DDC72B",
        },
        "PolicyDocument": {
          "Statement": [
            {
              "Action": "s3:*",
              "Condition": {
                "Bool": {
                  "aws:SecureTransport": "false",
                },
              },
              "Effect": "Deny",
              "Principal": {
                "AWS": "*",
              },
              "Resource": [
                {
                  "Fn::GetAtt": [
                    "StaticSiteCloudfrontLoggingBucketAccessLogD7DDC72B",
                    "Arn",
                  ],
                },
                {
                  "Fn::Join": [
                    "",
                    [
                      {
                        "Fn::GetAtt": [
                          "StaticSiteCloudfrontLoggingBucketAccessLogD7DDC72B",
                          "Arn",
                        ],
                      },
                      "/*",
                    ],
                  ],
                },
              ],
            },
            {
              "Action": "s3:PutObject",
              "Condition": {
                "ArnLike": {
                  "aws:SourceArn": {
                    "Fn::GetAtt": [
                      "StaticSiteCloudfrontLoggingBucketFE4DA23E",
                      "Arn",
                    ],
                  },
                },
                "StringEquals": {
                  "aws:SourceAccount": "12345678012",
                },
              },
              "Effect": "Allow",
              "Principal": {
                "Service": "logging.s3.amazonaws.com",
              },
              "Resource": {
                "Fn::Join": [
                  "",
                  [
                    {
                      "Fn::GetAtt": [
                        "StaticSiteCloudfrontLoggingBucketAccessLogD7DDC72B",
                        "Arn",
                      ],
                    },
                    "/*",
                  ],
                ],
              },
            },
          ],
          "Version": "2012-10-17",
        },
      },
      "Type": "AWS::S3::BucketPolicy",
    },
    "StaticSiteCloudfrontLoggingBucketFE4DA23E": {
      "DeletionPolicy": "Retain",
      "Properties": {
        "AccessControl": "LogDeliveryWrite",
        "BucketEncryption": {
          "ServerSideEncryptionConfiguration": [
            {
              "ServerSideEncryptionByDefault": {
                "SSEAlgorithm": "AES256",
              },
            },
          ],
        },
        "LoggingConfiguration": {
          "DestinationBucketName": {
            "Ref": "StaticSiteCloudfrontLoggingBucketAccessLogD7DDC72B",
          },
        },
        "OwnershipControls": {
          "Rules": [
            {
              "ObjectOwnership": "ObjectWriter",
            },
          ],
        },
        "PublicAccessBlockConfiguration": {
          "BlockPublicAcls": true,
          "BlockPublicPolicy": true,
          "IgnorePublicAcls": true,
          "RestrictPublicBuckets": true,
        },
        "VersioningConfiguration": {
          "Status": "Enabled",
        },
      },
      "Type": "AWS::S3::Bucket",
      "UpdateReplacePolicy": "Retain",
    },
    "StaticSiteCloudfrontLoggingBucketPolicy5A9F6DFF": {
      "Properties": {
        "Bucket": {
          "Ref": "StaticSiteCloudfrontLoggingBucketFE4DA23E",
        },
        "PolicyDocument": {
          "Statement": [
            {
              "Action": "s3:*",
              "Condition": {
                "Bool": {
                  "aws:SecureTransport": "false",
                },
              },
              "Effect": "Deny",
              "Principal": {
                "AWS": "*",
              },
              "Resource": [
                {
                  "Fn::GetAtt": [
                    "StaticSiteCloudfrontLoggingBucketFE4DA23E",
                    "Arn",
                  ],
                },
                {
                  "Fn::Join": [
                    "",
                    [
                      {
                        "Fn::GetAtt": [
                          "StaticSiteCloudfrontLoggingBucketFE4DA23E",
                          "Arn",
                        ],
                      },
                      "/*",
                    ],
                  ],
                },
              ],
            },
          ],
          "Version": "2012-10-17",
        },
      },
      "Type": "AWS::S3::BucketPolicy",
    },
    "StaticSiteS3Bucket435057DB": {
      "DeletionPolicy": "Retain",
      "Properties": {
        "BucketEncryption": {
          "ServerSideEncryptionConfiguration": [
            {
              "ServerSideEncryptionByDefault": {
                "SSEAlgorithm": "AES256",
              },
            },
          ],
        },
        "LifecycleConfiguration": {
          "Rules": [
            {
              "NoncurrentVersionTransitions": [
                {
                  "StorageClass": "GLACIER",
                  "TransitionInDays": 90,
                },
              ],
              "Status": "Enabled",
            },
          ],
        },
        "LoggingConfiguration": {
          "DestinationBucketName": {
            "Ref": "StaticSiteS3LoggingBucketC784CE19",
          },
        },
        "PublicAccessBlockConfiguration": {
          "BlockPublicAcls": true,
          "BlockPublicPolicy": true,
          "IgnorePublicAcls": true,
          "RestrictPublicBuckets": true,
        },
        "VersioningConfiguration": {
          "Status": "Enabled",
        },
      },
      "Type": "AWS::S3::Bucket",
      "UpdateReplacePolicy": "Retain",
    },
    "StaticSiteS3BucketPolicy2A15393E": {
      "Metadata": {
        "cfn_nag": {
          "rules_to_suppress": [
            {
              "id": "F16",
              "reason": "Public website bucket policy requires a wildcard principal",
            },
          ],
        },
      },
      "Properties": {
        "Bucket": {
          "Ref": "StaticSiteS3Bucket435057DB",
        },
        "PolicyDocument": {
          "Statement": [
            {
              "Action": "s3:*",
              "Condition": {
                "Bool": {
                  "aws:SecureTransport": "false",
                },
              },
              "Effect": "Deny",
              "Principal": {
                "AWS": "*",
              },
              "Resource": [
                {
                  "Fn::GetAtt": [
                    "StaticSiteS3Bucket435057DB",
                    "Arn",
                  ],
                },
                {
                  "Fn::Join": [
                    "",
                    [
                      {
                        "Fn::GetAtt": [
                          "StaticSiteS3Bucket435057DB",
                          "Arn",
                        ],
                      },
                      "/*",
                    ],
                  ],
                },
              ],
            },
            {
              "Action": "s3:GetObject",
              "Condition": {
                "StringEquals": {
                  "AWS:SourceArn": {
                    "Fn::Join": [
                      "",
                      [
                        "arn:",
                        {
                          "Ref": "AWS::Partition",
                        },
                        ":cloudfront::",
                        {
                          "Ref": "AWS::AccountId",
                        },
                        ":distribution/",
                        {
                          "Ref": "StaticSiteCloudFrontDistribution99302C91",
                        },
                      ],
                    ],
                  },
                },
              },
              "Effect": "Allow",
              "Principal": {
                "Service": "cloudfront.amazonaws.com",
              },
              "Resource": {
                "Fn::Join": [
                  "",
                  [
                    {
                      "Fn::GetAtt": [
                        "StaticSiteS3Bucket435057DB",
                        "Arn",
                      ],
                    },
                    "/*",
                  ],
                ],
              },
            },
            {
              "Action": "s3:ListBucket",
              "Condition": {
                "StringEquals": {
                  "AWS:SourceArn": {
                    "Fn::Join": [
                      "",
                      [
                        "arn:",
                        {
                          "Ref": "AWS::Partition",
                        },
                        ":cloudfront::",
                        {
                          "Ref": "AWS::AccountId",
                        },
                        ":distribution/",
                        {
                          "Ref": "StaticSiteCloudFrontDistribution99302C91",
                        },
                      ],
                    ],
                  },
                },
              },
              "Effect": "Allow",
              "Principal": {
                "Service": "cloudfront.amazonaws.com",
              },
              "Resource": {
                "Fn::GetAtt": [
                  "StaticSiteS3Bucket435057DB",
                  "Arn",
                ],
              },
            },
          ],
          "Version": "2012-10-17",
        },
      },
      "Type": "AWS::S3::BucketPolicy",
    },
    "StaticSiteS3LoggingBucketC784CE19": {
      "DeletionPolicy": "Retain",
      "Metadata": {
        "cfn_nag": {
          "rules_to_suppress": [
            {
              "id": "W35",
              "reason": "This S3 bucket is used as the access logging bucket for another bucket",
            },
          ],
        },
      },
      "Properties": {
        "BucketEncryption": {
          "ServerSideEncryptionConfiguration": [
            {
              "ServerSideEncryptionByDefault": {
                "SSEAlgorithm": "AES256",
              },
            },
          ],
        },
        "PublicAccessBlockConfiguration": {
          "BlockPublicAcls": true,
          "BlockPublicPolicy": true,
          "IgnorePublicAcls": true,
          "RestrictPublicBuckets": true,
        },
        "VersioningConfiguration": {
          "Status": "Enabled",
        },
      },
      "Type": "AWS::S3::Bucket",
      "UpdateReplacePolicy": "Retain",
    },
    "StaticSiteS3LoggingBucketPolicy42552EA8": {
      "Properties": {
        "Bucket": {
          "Ref": "StaticSiteS3LoggingBucketC784CE19",
        },
        "PolicyDocument": {
          "Statement": [
            {
              "Action": "s3:*",
              "Condition": {
                "Bool": {
                  "aws:SecureTransport": "false",
                },
              },
              "Effect": "Deny",
              "Principal": {
                "AWS": "*",
              },
              "Resource": [
                {
                  "Fn::GetAtt": [
                    "StaticSiteS3LoggingBucketC784CE19",
                    "Arn",
                  ],
                },
                {
                  "Fn::Join": [
                    "",
                    [
                      {
                        "Fn::GetAtt": [
                          "StaticSiteS3LoggingBucketC784CE19",
                          "Arn",
                        ],
                      },
                      "/*",
                    ],
                  ],
                },
              ],
            },
            {
              "Action": "s3:PutObject",
              "Condition": {
                "ArnLike": {
                  "aws:SourceArn": {
                    "Fn::GetAtt": [
                      "StaticSiteS3Bucket435057DB",
                      "Arn",
                    ],
                  },
                },
                "StringEquals": {
                  "aws:SourceAccount": "12345678012",
                },
              },
              "Effect": "Allow",
              "Principal": {
                "Service": "logging.s3.amazonaws.com",
              },
              "Resource": {
                "Fn::Join": [
                  "",
                  [
                    {
                      "Fn::GetAtt": [
                        "StaticSiteS3LoggingBucketC784CE19",
                        "Arn",
                      ],
                    },
                    "/*",
                  ],
                ],
              },
            },
          ],
          "Version": "2012-10-17",
        },
      },
      "Type": "AWS::S3::BucketPolicy",
    },
    "StaticSiteSetHttpSecurityHeadersDD7F658E": {
      "Properties": {
        "AutoPublish": true,
        "FunctionCode": "function handler(event) { var response = event.response; var headers = response.headers; headers['strict-transport-security'] = { value: 'max-age=63072000; includeSubdomains; preload'}; headers['content-security-policy'] = { value: "default-src 'none'; img-src 'self'; script-src 'self'; style-src 'self'; object-src 'none'"}; headers['x-content-type-options'] = { value: 'nosniff'}; headers['x-frame-options'] = {value: 'DENY'}; headers['x-xss-protection'] = {value: '1; mode=block'}; return response; }",
        "FunctionConfig": {
          "Comment": "SetHttpSecurityHeadersc82be577ae25c732a2f6b78d33187dc65e3911a303",
          "Runtime": "cloudfront-js-1.0",
        },
        "Name": "SetHttpSecurityHeadersc82be577ae25c732a2f6b78d33187dc65e3911a303",
      },
      "Type": "AWS::CloudFront::Function",
    },
  },
  "Rules": {
    "CheckBootstrapVersion": {
      "Assertions": [
        {
          "Assert": {
            "Fn::Not": [
              {
                "Fn::Contains": [
                  [
                    "1",
                    "2",
                    "3",
                    "4",
                    "5",
                  ],
                  {
                    "Ref": "BootstrapVersion",
                  },
                ],
              },
            ],
          },
          "AssertDescription": "CDK bootstrap stack version 6 required. Please run 'cdk bootstrap' with a recent version of the CDK CLI.",
        },
      ],
    },
  },
}
`;
